// Jest Snapshot v1, https://goo.gl/fbAQLP

exports[`<App /> renders correctly 1`] = `
<div
  className="App"
>
  <h2>
    Beers
  </h2>
  <div>
    0
  </div>
  <table>
    <thead>
      <tr>
        <th
          align="left"
        >
          Product
        </th>
        <th
          align="left"
        >
          Temperature
        </th>
        <th
          align="left"
        >
          Status
        </th>
      </tr>
    </thead>
    <tbody>
      <tr>
        <td
          width={150}
        />
        <td
          width={150}
        />
        <td
          width={150}
        />
      </tr>
    </tbody>
  </table>
</div>
`;
